SQL> CREATE TABLE ITEM_A(Item_no NUMBER(4), Name
  2  VARCHAR2(20), Qty NUMBER(5), CONSTRAINT C10
  3  PRIMARY KEY(Item_no));

Table created.

SQL> CREATE TABLE ITEM_B(It_no NUMBER(4), trans_date
  2  DATE, qty NUMBER(5));

Table created.

SQL> ALTER TABLE ITEM_B ADD CONSTRAINT C7 FOREIGN
  2  KEY(It_no) REFERENCES ITEM_A(Item_no);

Table altered.

SQL> ALTER TABLE ITEM_B DROP CONSTRAINT C7;

Table altered.

SQL> CREATE TABLE ITEM_M(Item_no NUMBER(4)
  2  PRIMARY KEY, Name VARCHAR2(20) UNIQUE,
  3  Category CHAR(1) CHECK(Category in('A', 'B',
  4  'C')), Rate NUMBER(8,2) NOT NULL);

Table created.

SQL> ALTER TABLE ITEM_M ADD CONSTRAINT ct CHECK (Category IN ('A','B','C'));

Table altered.

SQL> ALTER TABLE ITEM_M ADD CONSTRAINT ck CHECK ((Category='A' AND Rate<=1000) OR (Category='B' AND Rate<=4500) OR (Category='C' AND Rate>=4500));

Table altered.

SQL> DROP TABLE ITEM_M;

Table dropped.

SQL> CREATE TABLE ITEM_M(Item_no NUMBER(4)
  2  PRIMARY KEY, Name VARCHAR2(20) UNIQUE,
  3  Category CHAR(1) NOT NULL, Rate NUMBER(8,2)
  4  NOT NULL, CHECK((Category='A' AND
  5  Rate<=1000) OR (Category='B' AND Rate<=4500)
  6  OR (Category='C' AND Rate>=4500)));

Table created.

SQL> CREATE TABLE ITEM_MASTER(Item_no NUMBER(4)
  2  PRIMARY KEY, Name VARCHAR2(20) UNIQUE,
  3  Qty_on_hand NUMBER(5) DEFAULT 100, Category
  4  CHAR(1), Unit_measure CHAR(4), Reorder_Lvl
  5  NUMBER(5) NOT NULL, Reorder_qty NUMBER(5)
  6  NOT NULL, Rate NUMBER(8,2) NOT NULL);

Table created.

SQL> SELECT * FROM USER_CONSTRAINTS WHERE
  2  TABLE_NAME='ITEM_MASTER';

OWNER                                                                           
--------------------------------------------------------------------------------
CONSTRAINT_NAME                C TABLE_NAME                                     
------------------------------ - ------------------------------                 
SEARCH_CONDITION                                                                
--------------------------------------------------------------------------------
R_OWNER                                                                         
--------------------------------------------------------------------------------
R_CONSTRAINT_NAME              DELETE_RU STATUS   DEFERRABLE     DEFERRED       
------------------------------ --------- -------- -------------- ---------      
VALIDATED     GENERATED      BAD RELY LAST_CHAN INDEX_OWNER                     
------------- -------------- --- ---- --------- ------------------------------  
INDEX_NAME                     INVALID VIEW_RELATED                             
------------------------------ ------- --------------                           
CHINMAYA                                                                        

OWNER                                                                           
--------------------------------------------------------------------------------
CONSTRAINT_NAME                C TABLE_NAME                                     
------------------------------ - ------------------------------                 
SEARCH_CONDITION                                                                
--------------------------------------------------------------------------------
R_OWNER                                                                         
--------------------------------------------------------------------------------
R_CONSTRAINT_NAME              DELETE_RU STATUS   DEFERRABLE     DEFERRED       
------------------------------ --------- -------- -------------- ---------      
VALIDATED     GENERATED      BAD RELY LAST_CHAN INDEX_OWNER                     
------------- -------------- --- ---- --------- ------------------------------  
INDEX_NAME                     INVALID VIEW_RELATED                             
------------------------------ ------- --------------                           
SYS_C008028                    C ITEM_MASTER                                    

OWNER                                                                           
--------------------------------------------------------------------------------
CONSTRAINT_NAME                C TABLE_NAME                                     
------------------------------ - ------------------------------                 
SEARCH_CONDITION                                                                
--------------------------------------------------------------------------------
R_OWNER                                                                         
--------------------------------------------------------------------------------
R_CONSTRAINT_NAME              DELETE_RU STATUS   DEFERRABLE     DEFERRED       
------------------------------ --------- -------- -------------- ---------      
VALIDATED     GENERATED      BAD RELY LAST_CHAN INDEX_OWNER                     
------------- -------------- --- ---- --------- ------------------------------  
INDEX_NAME                     INVALID VIEW_RELATED                             
------------------------------ ------- --------------                           
"REORDER_LVL" IS NOT NULL                                                       

OWNER                                                                           
--------------------------------------------------------------------------------
CONSTRAINT_NAME                C TABLE_NAME                                     
------------------------------ - ------------------------------                 
SEARCH_CONDITION                                                                
--------------------------------------------------------------------------------
R_OWNER                                                                         
--------------------------------------------------------------------------------
R_CONSTRAINT_NAME              DELETE_RU STATUS   DEFERRABLE     DEFERRED       
------------------------------ --------- -------- -------------- ---------      
VALIDATED     GENERATED      BAD RELY LAST_CHAN INDEX_OWNER                     
------------- -------------- --- ---- --------- ------------------------------  
INDEX_NAME                     INVALID VIEW_RELATED                             
------------------------------ ------- --------------                           
                                                                                

OWNER                                                                           
--------------------------------------------------------------------------------
CONSTRAINT_NAME                C TABLE_NAME                                     
------------------------------ - ------------------------------                 
SEARCH_CONDITION                                                                
--------------------------------------------------------------------------------
R_OWNER                                                                         
--------------------------------------------------------------------------------
R_CONSTRAINT_NAME              DELETE_RU STATUS   DEFERRABLE     DEFERRED       
------------------------------ --------- -------- -------------- ---------      
VALIDATED     GENERATED      BAD RELY LAST_CHAN INDEX_OWNER                     
------------- -------------- --- ---- --------- ------------------------------  
INDEX_NAME                     INVALID VIEW_RELATED                             
------------------------------ ------- --------------                           
                                         ENABLED  NOT DEFERRABLE IMMEDIATE      

OWNER                                                                           
--------------------------------------------------------------------------------
CONSTRAINT_NAME                C TABLE_NAME                                     
------------------------------ - ------------------------------                 
SEARCH_CONDITION                                                                
--------------------------------------------------------------------------------
R_OWNER                                                                         
--------------------------------------------------------------------------------
R_CONSTRAINT_NAME              DELETE_RU STATUS   DEFERRABLE     DEFERRED       
------------------------------ --------- -------- -------------- ---------      
VALIDATED     GENERATED      BAD RELY LAST_CHAN INDEX_OWNER                     
------------- -------------- --- ---- --------- ------------------------------  
INDEX_NAME                     INVALID VIEW_RELATED                             
------------------------------ ------- --------------                           
VALIDATED     GENERATED NAME          20-JAN-26                                 

OWNER                                                                           
--------------------------------------------------------------------------------
CONSTRAINT_NAME                C TABLE_NAME                                     
------------------------------ - ------------------------------                 
SEARCH_CONDITION                                                                
--------------------------------------------------------------------------------
R_OWNER                                                                         
--------------------------------------------------------------------------------
R_CONSTRAINT_NAME              DELETE_RU STATUS   DEFERRABLE     DEFERRED       
------------------------------ --------- -------- -------------- ---------      
VALIDATED     GENERATED      BAD RELY LAST_CHAN INDEX_OWNER                     
------------- -------------- --- ---- --------- ------------------------------  
INDEX_NAME                     INVALID VIEW_RELATED                             
------------------------------ ------- --------------                           
                                                                                

OWNER                                                                           
--------------------------------------------------------------------------------
CONSTRAINT_NAME                C TABLE_NAME                                     
------------------------------ - ------------------------------                 
SEARCH_CONDITION                                                                
--------------------------------------------------------------------------------
R_OWNER                                                                         
--------------------------------------------------------------------------------
R_CONSTRAINT_NAME              DELETE_RU STATUS   DEFERRABLE     DEFERRED       
------------------------------ --------- -------- -------------- ---------      
VALIDATED     GENERATED      BAD RELY LAST_CHAN INDEX_OWNER                     
------------- -------------- --- ---- --------- ------------------------------  
INDEX_NAME                     INVALID VIEW_RELATED                             
------------------------------ ------- --------------                           
                                                                                

OWNER                                                                           
--------------------------------------------------------------------------------
CONSTRAINT_NAME                C TABLE_NAME                                     
------------------------------ - ------------------------------                 
SEARCH_CONDITION                                                                
--------------------------------------------------------------------------------
R_OWNER                                                                         
--------------------------------------------------------------------------------
R_CONSTRAINT_NAME              DELETE_RU STATUS   DEFERRABLE     DEFERRED       
------------------------------ --------- -------- -------------- ---------      
VALIDATED     GENERATED      BAD RELY LAST_CHAN INDEX_OWNER                     
------------- -------------- --- ---- --------- ------------------------------  
INDEX_NAME                     INVALID VIEW_RELATED                             
------------------------------ ------- --------------                           
CHINMAYA                                                                        

OWNER                                                                           
--------------------------------------------------------------------------------
CONSTRAINT_NAME                C TABLE_NAME                                     
------------------------------ - ------------------------------                 
SEARCH_CONDITION                                                                
--------------------------------------------------------------------------------
R_OWNER                                                                         
--------------------------------------------------------------------------------
R_CONSTRAINT_NAME              DELETE_RU STATUS   DEFERRABLE     DEFERRED       
------------------------------ --------- -------- -------------- ---------      
VALIDATED     GENERATED      BAD RELY LAST_CHAN INDEX_OWNER                     
------------- -------------- --- ---- --------- ------------------------------  
INDEX_NAME                     INVALID VIEW_RELATED                             
------------------------------ ------- --------------                           
SYS_C008029                    C ITEM_MASTER                                    

OWNER                                                                           
--------------------------------------------------------------------------------
CONSTRAINT_NAME                C TABLE_NAME                                     
------------------------------ - ------------------------------                 
SEARCH_CONDITION                                                                
--------------------------------------------------------------------------------
R_OWNER                                                                         
--------------------------------------------------------------------------------
R_CONSTRAINT_NAME              DELETE_RU STATUS   DEFERRABLE     DEFERRED       
------------------------------ --------- -------- -------------- ---------      
VALIDATED     GENERATED      BAD RELY LAST_CHAN INDEX_OWNER                     
------------- -------------- --- ---- --------- ------------------------------  
INDEX_NAME                     INVALID VIEW_RELATED                             
------------------------------ ------- --------------                           
"REORDER_QTY" IS NOT NULL                                                       

OWNER                                                                           
--------------------------------------------------------------------------------
CONSTRAINT_NAME                C TABLE_NAME                                     
------------------------------ - ------------------------------                 
SEARCH_CONDITION                                                                
--------------------------------------------------------------------------------
R_OWNER                                                                         
--------------------------------------------------------------------------------
R_CONSTRAINT_NAME              DELETE_RU STATUS   DEFERRABLE     DEFERRED       
------------------------------ --------- -------- -------------- ---------      
VALIDATED     GENERATED      BAD RELY LAST_CHAN INDEX_OWNER                     
------------- -------------- --- ---- --------- ------------------------------  
INDEX_NAME                     INVALID VIEW_RELATED                             
------------------------------ ------- --------------                           
                                                                                

OWNER                                                                           
--------------------------------------------------------------------------------
CONSTRAINT_NAME                C TABLE_NAME                                     
------------------------------ - ------------------------------                 
SEARCH_CONDITION                                                                
--------------------------------------------------------------------------------
R_OWNER                                                                         
--------------------------------------------------------------------------------
R_CONSTRAINT_NAME              DELETE_RU STATUS   DEFERRABLE     DEFERRED       
------------------------------ --------- -------- -------------- ---------      
VALIDATED     GENERATED      BAD RELY LAST_CHAN INDEX_OWNER                     
------------- -------------- --- ---- --------- ------------------------------  
INDEX_NAME                     INVALID VIEW_RELATED                             
------------------------------ ------- --------------                           
                                         ENABLED  NOT DEFERRABLE IMMEDIATE      

OWNER                                                                           
--------------------------------------------------------------------------------
CONSTRAINT_NAME                C TABLE_NAME                                     
------------------------------ - ------------------------------                 
SEARCH_CONDITION                                                                
--------------------------------------------------------------------------------
R_OWNER                                                                         
--------------------------------------------------------------------------------
R_CONSTRAINT_NAME              DELETE_RU STATUS   DEFERRABLE     DEFERRED       
------------------------------ --------- -------- -------------- ---------      
VALIDATED     GENERATED      BAD RELY LAST_CHAN INDEX_OWNER                     
------------- -------------- --- ---- --------- ------------------------------  
INDEX_NAME                     INVALID VIEW_RELATED                             
------------------------------ ------- --------------                           
VALIDATED     GENERATED NAME          20-JAN-26                                 

OWNER                                                                           
--------------------------------------------------------------------------------
CONSTRAINT_NAME                C TABLE_NAME                                     
------------------------------ - ------------------------------                 
SEARCH_CONDITION                                                                
--------------------------------------------------------------------------------
R_OWNER                                                                         
--------------------------------------------------------------------------------
R_CONSTRAINT_NAME              DELETE_RU STATUS   DEFERRABLE     DEFERRED       
------------------------------ --------- -------- -------------- ---------      
VALIDATED     GENERATED      BAD RELY LAST_CHAN INDEX_OWNER                     
------------- -------------- --- ---- --------- ------------------------------  
INDEX_NAME                     INVALID VIEW_RELATED                             
------------------------------ ------- --------------                           
                                                                                

OWNER                                                                           
--------------------------------------------------------------------------------
CONSTRAINT_NAME                C TABLE_NAME                                     
------------------------------ - ------------------------------                 
SEARCH_CONDITION                                                                
--------------------------------------------------------------------------------
R_OWNER                                                                         
--------------------------------------------------------------------------------
R_CONSTRAINT_NAME              DELETE_RU STATUS   DEFERRABLE     DEFERRED       
------------------------------ --------- -------- -------------- ---------      
VALIDATED     GENERATED      BAD RELY LAST_CHAN INDEX_OWNER                     
------------- -------------- --- ---- --------- ------------------------------  
INDEX_NAME                     INVALID VIEW_RELATED                             
------------------------------ ------- --------------                           
                                                                                

OWNER                                                                           
--------------------------------------------------------------------------------
CONSTRAINT_NAME                C TABLE_NAME                                     
------------------------------ - ------------------------------                 
SEARCH_CONDITION                                                                
--------------------------------------------------------------------------------
R_OWNER                                                                         
--------------------------------------------------------------------------------
R_CONSTRAINT_NAME              DELETE_RU STATUS   DEFERRABLE     DEFERRED       
------------------------------ --------- -------- -------------- ---------      
VALIDATED     GENERATED      BAD RELY LAST_CHAN INDEX_OWNER                     
------------- -------------- --- ---- --------- ------------------------------  
INDEX_NAME                     INVALID VIEW_RELATED                             
------------------------------ ------- --------------                           
CHINMAYA                                                                        

OWNER                                                                           
--------------------------------------------------------------------------------
CONSTRAINT_NAME                C TABLE_NAME                                     
------------------------------ - ------------------------------                 
SEARCH_CONDITION                                                                
--------------------------------------------------------------------------------
R_OWNER                                                                         
--------------------------------------------------------------------------------
R_CONSTRAINT_NAME              DELETE_RU STATUS   DEFERRABLE     DEFERRED       
------------------------------ --------- -------- -------------- ---------      
VALIDATED     GENERATED      BAD RELY LAST_CHAN INDEX_OWNER                     
------------- -------------- --- ---- --------- ------------------------------  
INDEX_NAME                     INVALID VIEW_RELATED                             
------------------------------ ------- --------------                           
SYS_C008030                    C ITEM_MASTER                                    

OWNER                                                                           
--------------------------------------------------------------------------------
CONSTRAINT_NAME                C TABLE_NAME                                     
------------------------------ - ------------------------------                 
SEARCH_CONDITION                                                                
--------------------------------------------------------------------------------
R_OWNER                                                                         
--------------------------------------------------------------------------------
R_CONSTRAINT_NAME              DELETE_RU STATUS   DEFERRABLE     DEFERRED       
------------------------------ --------- -------- -------------- ---------      
VALIDATED     GENERATED      BAD RELY LAST_CHAN INDEX_OWNER                     
------------- -------------- --- ---- --------- ------------------------------  
INDEX_NAME                     INVALID VIEW_RELATED                             
------------------------------ ------- --------------                           
"RATE" IS NOT NULL                                                              

OWNER                                                                           
--------------------------------------------------------------------------------
CONSTRAINT_NAME                C TABLE_NAME                                     
------------------------------ - ------------------------------                 
SEARCH_CONDITION                                                                
--------------------------------------------------------------------------------
R_OWNER                                                                         
--------------------------------------------------------------------------------
R_CONSTRAINT_NAME              DELETE_RU STATUS   DEFERRABLE     DEFERRED       
------------------------------ --------- -------- -------------- ---------      
VALIDATED     GENERATED      BAD RELY LAST_CHAN INDEX_OWNER                     
------------- -------------- --- ---- --------- ------------------------------  
INDEX_NAME                     INVALID VIEW_RELATED                             
------------------------------ ------- --------------                           
                                                                                

OWNER                                                                           
--------------------------------------------------------------------------------
CONSTRAINT_NAME                C TABLE_NAME                                     
------------------------------ - ------------------------------                 
SEARCH_CONDITION                                                                
--------------------------------------------------------------------------------
R_OWNER                                                                         
--------------------------------------------------------------------------------
R_CONSTRAINT_NAME              DELETE_RU STATUS   DEFERRABLE     DEFERRED       
------------------------------ --------- -------- -------------- ---------      
VALIDATED     GENERATED      BAD RELY LAST_CHAN INDEX_OWNER                     
------------- -------------- --- ---- --------- ------------------------------  
INDEX_NAME                     INVALID VIEW_RELATED                             
------------------------------ ------- --------------                           
                                         ENABLED  NOT DEFERRABLE IMMEDIATE      

OWNER                                                                           
--------------------------------------------------------------------------------
CONSTRAINT_NAME                C TABLE_NAME                                     
------------------------------ - ------------------------------                 
SEARCH_CONDITION                                                                
--------------------------------------------------------------------------------
R_OWNER                                                                         
--------------------------------------------------------------------------------
R_CONSTRAINT_NAME              DELETE_RU STATUS   DEFERRABLE     DEFERRED       
------------------------------ --------- -------- -------------- ---------      
VALIDATED     GENERATED      BAD RELY LAST_CHAN INDEX_OWNER                     
------------- -------------- --- ---- --------- ------------------------------  
INDEX_NAME                     INVALID VIEW_RELATED                             
------------------------------ ------- --------------                           
VALIDATED     GENERATED NAME          20-JAN-26                                 

OWNER                                                                           
--------------------------------------------------------------------------------
CONSTRAINT_NAME                C TABLE_NAME                                     
------------------------------ - ------------------------------                 
SEARCH_CONDITION                                                                
--------------------------------------------------------------------------------
R_OWNER                                                                         
--------------------------------------------------------------------------------
R_CONSTRAINT_NAME              DELETE_RU STATUS   DEFERRABLE     DEFERRED       
------------------------------ --------- -------- -------------- ---------      
VALIDATED     GENERATED      BAD RELY LAST_CHAN INDEX_OWNER                     
------------- -------------- --- ---- --------- ------------------------------  
INDEX_NAME                     INVALID VIEW_RELATED                             
------------------------------ ------- --------------                           
                                                                                

OWNER                                                                           
--------------------------------------------------------------------------------
CONSTRAINT_NAME                C TABLE_NAME                                     
------------------------------ - ------------------------------                 
SEARCH_CONDITION                                                                
--------------------------------------------------------------------------------
R_OWNER                                                                         
--------------------------------------------------------------------------------
R_CONSTRAINT_NAME              DELETE_RU STATUS   DEFERRABLE     DEFERRED       
------------------------------ --------- -------- -------------- ---------      
VALIDATED     GENERATED      BAD RELY LAST_CHAN INDEX_OWNER                     
------------- -------------- --- ---- --------- ------------------------------  
INDEX_NAME                     INVALID VIEW_RELATED                             
------------------------------ ------- --------------                           
                                                                                

OWNER                                                                           
--------------------------------------------------------------------------------
CONSTRAINT_NAME                C TABLE_NAME                                     
------------------------------ - ------------------------------                 
SEARCH_CONDITION                                                                
--------------------------------------------------------------------------------
R_OWNER                                                                         
--------------------------------------------------------------------------------
R_CONSTRAINT_NAME              DELETE_RU STATUS   DEFERRABLE     DEFERRED       
------------------------------ --------- -------- -------------- ---------      
VALIDATED     GENERATED      BAD RELY LAST_CHAN INDEX_OWNER                     
------------- -------------- --- ---- --------- ------------------------------  
INDEX_NAME                     INVALID VIEW_RELATED                             
------------------------------ ------- --------------                           
CHINMAYA                                                                        

OWNER                                                                           
--------------------------------------------------------------------------------
CONSTRAINT_NAME                C TABLE_NAME                                     
------------------------------ - ------------------------------                 
SEARCH_CONDITION                                                                
--------------------------------------------------------------------------------
R_OWNER                                                                         
--------------------------------------------------------------------------------
R_CONSTRAINT_NAME              DELETE_RU STATUS   DEFERRABLE     DEFERRED       
------------------------------ --------- -------- -------------- ---------      
VALIDATED     GENERATED      BAD RELY LAST_CHAN INDEX_OWNER                     
------------- -------------- --- ---- --------- ------------------------------  
INDEX_NAME                     INVALID VIEW_RELATED                             
------------------------------ ------- --------------                           
SYS_C008031                    P ITEM_MASTER                                    

OWNER                                                                           
--------------------------------------------------------------------------------
CONSTRAINT_NAME                C TABLE_NAME                                     
------------------------------ - ------------------------------                 
SEARCH_CONDITION                                                                
--------------------------------------------------------------------------------
R_OWNER                                                                         
--------------------------------------------------------------------------------
R_CONSTRAINT_NAME              DELETE_RU STATUS   DEFERRABLE     DEFERRED       
------------------------------ --------- -------- -------------- ---------      
VALIDATED     GENERATED      BAD RELY LAST_CHAN INDEX_OWNER                     
------------- -------------- --- ---- --------- ------------------------------  
INDEX_NAME                     INVALID VIEW_RELATED                             
------------------------------ ------- --------------                           
                                                                                

OWNER                                                                           
--------------------------------------------------------------------------------
CONSTRAINT_NAME                C TABLE_NAME                                     
------------------------------ - ------------------------------                 
SEARCH_CONDITION                                                                
--------------------------------------------------------------------------------
R_OWNER                                                                         
--------------------------------------------------------------------------------
R_CONSTRAINT_NAME              DELETE_RU STATUS   DEFERRABLE     DEFERRED       
------------------------------ --------- -------- -------------- ---------      
VALIDATED     GENERATED      BAD RELY LAST_CHAN INDEX_OWNER                     
------------- -------------- --- ---- --------- ------------------------------  
INDEX_NAME                     INVALID VIEW_RELATED                             
------------------------------ ------- --------------                           
                                                                                

OWNER                                                                           
--------------------------------------------------------------------------------
CONSTRAINT_NAME                C TABLE_NAME                                     
------------------------------ - ------------------------------                 
SEARCH_CONDITION                                                                
--------------------------------------------------------------------------------
R_OWNER                                                                         
--------------------------------------------------------------------------------
R_CONSTRAINT_NAME              DELETE_RU STATUS   DEFERRABLE     DEFERRED       
------------------------------ --------- -------- -------------- ---------      
VALIDATED     GENERATED      BAD RELY LAST_CHAN INDEX_OWNER                     
------------- -------------- --- ---- --------- ------------------------------  
INDEX_NAME                     INVALID VIEW_RELATED                             
------------------------------ ------- --------------                           
                                         ENABLED  NOT DEFERRABLE IMMEDIATE      

OWNER                                                                           
--------------------------------------------------------------------------------
CONSTRAINT_NAME                C TABLE_NAME                                     
------------------------------ - ------------------------------                 
SEARCH_CONDITION                                                                
--------------------------------------------------------------------------------
R_OWNER                                                                         
--------------------------------------------------------------------------------
R_CONSTRAINT_NAME              DELETE_RU STATUS   DEFERRABLE     DEFERRED       
------------------------------ --------- -------- -------------- ---------      
VALIDATED     GENERATED      BAD RELY LAST_CHAN INDEX_OWNER                     
------------- -------------- --- ---- --------- ------------------------------  
INDEX_NAME                     INVALID VIEW_RELATED                             
------------------------------ ------- --------------                           
VALIDATED     GENERATED NAME          20-JAN-26 CHINMAYA                        

OWNER                                                                           
--------------------------------------------------------------------------------
CONSTRAINT_NAME                C TABLE_NAME                                     
------------------------------ - ------------------------------                 
SEARCH_CONDITION                                                                
--------------------------------------------------------------------------------
R_OWNER                                                                         
--------------------------------------------------------------------------------
R_CONSTRAINT_NAME              DELETE_RU STATUS   DEFERRABLE     DEFERRED       
------------------------------ --------- -------- -------------- ---------      
VALIDATED     GENERATED      BAD RELY LAST_CHAN INDEX_OWNER                     
------------- -------------- --- ---- --------- ------------------------------  
INDEX_NAME                     INVALID VIEW_RELATED                             
------------------------------ ------- --------------                           
SYS_C008031                                                                     

OWNER                                                                           
--------------------------------------------------------------------------------
CONSTRAINT_NAME                C TABLE_NAME                                     
------------------------------ - ------------------------------                 
SEARCH_CONDITION                                                                
--------------------------------------------------------------------------------
R_OWNER                                                                         
--------------------------------------------------------------------------------
R_CONSTRAINT_NAME              DELETE_RU STATUS   DEFERRABLE     DEFERRED       
------------------------------ --------- -------- -------------- ---------      
VALIDATED     GENERATED      BAD RELY LAST_CHAN INDEX_OWNER                     
------------- -------------- --- ---- --------- ------------------------------  
INDEX_NAME                     INVALID VIEW_RELATED                             
------------------------------ ------- --------------                           
                                                                                

OWNER                                                                           
--------------------------------------------------------------------------------
CONSTRAINT_NAME                C TABLE_NAME                                     
------------------------------ - ------------------------------                 
SEARCH_CONDITION                                                                
--------------------------------------------------------------------------------
R_OWNER                                                                         
--------------------------------------------------------------------------------
R_CONSTRAINT_NAME              DELETE_RU STATUS   DEFERRABLE     DEFERRED       
------------------------------ --------- -------- -------------- ---------      
VALIDATED     GENERATED      BAD RELY LAST_CHAN INDEX_OWNER                     
------------- -------------- --- ---- --------- ------------------------------  
INDEX_NAME                     INVALID VIEW_RELATED                             
------------------------------ ------- --------------                           
CHINMAYA                                                                        

OWNER                                                                           
--------------------------------------------------------------------------------
CONSTRAINT_NAME                C TABLE_NAME                                     
------------------------------ - ------------------------------                 
SEARCH_CONDITION                                                                
--------------------------------------------------------------------------------
R_OWNER                                                                         
--------------------------------------------------------------------------------
R_CONSTRAINT_NAME              DELETE_RU STATUS   DEFERRABLE     DEFERRED       
------------------------------ --------- -------- -------------- ---------      
VALIDATED     GENERATED      BAD RELY LAST_CHAN INDEX_OWNER                     
------------- -------------- --- ---- --------- ------------------------------  
INDEX_NAME                     INVALID VIEW_RELATED                             
------------------------------ ------- --------------                           
SYS_C008032                    U ITEM_MASTER                                    

OWNER                                                                           
--------------------------------------------------------------------------------
CONSTRAINT_NAME                C TABLE_NAME                                     
------------------------------ - ------------------------------                 
SEARCH_CONDITION                                                                
--------------------------------------------------------------------------------
R_OWNER                                                                         
--------------------------------------------------------------------------------
R_CONSTRAINT_NAME              DELETE_RU STATUS   DEFERRABLE     DEFERRED       
------------------------------ --------- -------- -------------- ---------      
VALIDATED     GENERATED      BAD RELY LAST_CHAN INDEX_OWNER                     
------------- -------------- --- ---- --------- ------------------------------  
INDEX_NAME                     INVALID VIEW_RELATED                             
------------------------------ ------- --------------                           
                                                                                

OWNER                                                                           
--------------------------------------------------------------------------------
CONSTRAINT_NAME                C TABLE_NAME                                     
------------------------------ - ------------------------------                 
SEARCH_CONDITION                                                                
--------------------------------------------------------------------------------
R_OWNER                                                                         
--------------------------------------------------------------------------------
R_CONSTRAINT_NAME              DELETE_RU STATUS   DEFERRABLE     DEFERRED       
------------------------------ --------- -------- -------------- ---------      
VALIDATED     GENERATED      BAD RELY LAST_CHAN INDEX_OWNER                     
------------- -------------- --- ---- --------- ------------------------------  
INDEX_NAME                     INVALID VIEW_RELATED                             
------------------------------ ------- --------------                           
                                                                                

OWNER                                                                           
--------------------------------------------------------------------------------
CONSTRAINT_NAME                C TABLE_NAME                                     
------------------------------ - ------------------------------                 
SEARCH_CONDITION                                                                
--------------------------------------------------------------------------------
R_OWNER                                                                         
--------------------------------------------------------------------------------
R_CONSTRAINT_NAME              DELETE_RU STATUS   DEFERRABLE     DEFERRED       
------------------------------ --------- -------- -------------- ---------      
VALIDATED     GENERATED      BAD RELY LAST_CHAN INDEX_OWNER                     
------------- -------------- --- ---- --------- ------------------------------  
INDEX_NAME                     INVALID VIEW_RELATED                             
------------------------------ ------- --------------                           
                                         ENABLED  NOT DEFERRABLE IMMEDIATE      

OWNER                                                                           
--------------------------------------------------------------------------------
CONSTRAINT_NAME                C TABLE_NAME                                     
------------------------------ - ------------------------------                 
SEARCH_CONDITION                                                                
--------------------------------------------------------------------------------
R_OWNER                                                                         
--------------------------------------------------------------------------------
R_CONSTRAINT_NAME              DELETE_RU STATUS   DEFERRABLE     DEFERRED       
------------------------------ --------- -------- -------------- ---------      
VALIDATED     GENERATED      BAD RELY LAST_CHAN INDEX_OWNER                     
------------- -------------- --- ---- --------- ------------------------------  
INDEX_NAME                     INVALID VIEW_RELATED                             
------------------------------ ------- --------------                           
VALIDATED     GENERATED NAME          20-JAN-26 CHINMAYA                        

OWNER                                                                           
--------------------------------------------------------------------------------
CONSTRAINT_NAME                C TABLE_NAME                                     
------------------------------ - ------------------------------                 
SEARCH_CONDITION                                                                
--------------------------------------------------------------------------------
R_OWNER                                                                         
--------------------------------------------------------------------------------
R_CONSTRAINT_NAME              DELETE_RU STATUS   DEFERRABLE     DEFERRED       
------------------------------ --------- -------- -------------- ---------      
VALIDATED     GENERATED      BAD RELY LAST_CHAN INDEX_OWNER                     
------------- -------------- --- ---- --------- ------------------------------  
INDEX_NAME                     INVALID VIEW_RELATED                             
------------------------------ ------- --------------                           
SYS_C008032                                                                     

OWNER                                                                           
--------------------------------------------------------------------------------
CONSTRAINT_NAME                C TABLE_NAME                                     
------------------------------ - ------------------------------                 
SEARCH_CONDITION                                                                
--------------------------------------------------------------------------------
R_OWNER                                                                         
--------------------------------------------------------------------------------
R_CONSTRAINT_NAME              DELETE_RU STATUS   DEFERRABLE     DEFERRED       
------------------------------ --------- -------- -------------- ---------      
VALIDATED     GENERATED      BAD RELY LAST_CHAN INDEX_OWNER                     
------------- -------------- --- ---- --------- ------------------------------  
INDEX_NAME                     INVALID VIEW_RELATED                             
------------------------------ ------- --------------                           
                                                                                

SQL> SELECT * FROM USER_CONSTRAINTS WHERE TABLE_NAME = 'ITEM_M';

OWNER                                                                           
--------------------------------------------------------------------------------
CONSTRAINT_NAME                C TABLE_NAME                                     
------------------------------ - ------------------------------                 
SEARCH_CONDITION                                                                
--------------------------------------------------------------------------------
R_OWNER                                                                         
--------------------------------------------------------------------------------
R_CONSTRAINT_NAME              DELETE_RU STATUS   DEFERRABLE     DEFERRED       
------------------------------ --------- -------- -------------- ---------      
VALIDATED     GENERATED      BAD RELY LAST_CHAN INDEX_OWNER                     
------------- -------------- --- ---- --------- ------------------------------  
INDEX_NAME                     INVALID VIEW_RELATED                             
------------------------------ ------- --------------                           
CHINMAYA                                                                        

OWNER                                                                           
--------------------------------------------------------------------------------
CONSTRAINT_NAME                C TABLE_NAME                                     
------------------------------ - ------------------------------                 
SEARCH_CONDITION                                                                
--------------------------------------------------------------------------------
R_OWNER                                                                         
--------------------------------------------------------------------------------
R_CONSTRAINT_NAME              DELETE_RU STATUS   DEFERRABLE     DEFERRED       
------------------------------ --------- -------- -------------- ---------      
VALIDATED     GENERATED      BAD RELY LAST_CHAN INDEX_OWNER                     
------------- -------------- --- ---- --------- ------------------------------  
INDEX_NAME                     INVALID VIEW_RELATED                             
------------------------------ ------- --------------                           
SYS_C008023                    C ITEM_M                                         

OWNER                                                                           
--------------------------------------------------------------------------------
CONSTRAINT_NAME                C TABLE_NAME                                     
------------------------------ - ------------------------------                 
SEARCH_CONDITION                                                                
--------------------------------------------------------------------------------
R_OWNER                                                                         
--------------------------------------------------------------------------------
R_CONSTRAINT_NAME              DELETE_RU STATUS   DEFERRABLE     DEFERRED       
------------------------------ --------- -------- -------------- ---------      
VALIDATED     GENERATED      BAD RELY LAST_CHAN INDEX_OWNER                     
------------- -------------- --- ---- --------- ------------------------------  
INDEX_NAME                     INVALID VIEW_RELATED                             
------------------------------ ------- --------------                           
"CATEGORY" IS NOT NULL                                                          

OWNER                                                                           
--------------------------------------------------------------------------------
CONSTRAINT_NAME                C TABLE_NAME                                     
------------------------------ - ------------------------------                 
SEARCH_CONDITION                                                                
--------------------------------------------------------------------------------
R_OWNER                                                                         
--------------------------------------------------------------------------------
R_CONSTRAINT_NAME              DELETE_RU STATUS   DEFERRABLE     DEFERRED       
------------------------------ --------- -------- -------------- ---------      
VALIDATED     GENERATED      BAD RELY LAST_CHAN INDEX_OWNER                     
------------- -------------- --- ---- --------- ------------------------------  
INDEX_NAME                     INVALID VIEW_RELATED                             
------------------------------ ------- --------------                           
                                                                                

OWNER                                                                           
--------------------------------------------------------------------------------
CONSTRAINT_NAME                C TABLE_NAME                                     
------------------------------ - ------------------------------                 
SEARCH_CONDITION                                                                
--------------------------------------------------------------------------------
R_OWNER                                                                         
--------------------------------------------------------------------------------
R_CONSTRAINT_NAME              DELETE_RU STATUS   DEFERRABLE     DEFERRED       
------------------------------ --------- -------- -------------- ---------      
VALIDATED     GENERATED      BAD RELY LAST_CHAN INDEX_OWNER                     
------------- -------------- --- ---- --------- ------------------------------  
INDEX_NAME                     INVALID VIEW_RELATED                             
------------------------------ ------- --------------                           
                                         ENABLED  NOT DEFERRABLE IMMEDIATE      

OWNER                                                                           
--------------------------------------------------------------------------------
CONSTRAINT_NAME                C TABLE_NAME                                     
------------------------------ - ------------------------------                 
SEARCH_CONDITION                                                                
--------------------------------------------------------------------------------
R_OWNER                                                                         
--------------------------------------------------------------------------------
R_CONSTRAINT_NAME              DELETE_RU STATUS   DEFERRABLE     DEFERRED       
------------------------------ --------- -------- -------------- ---------      
VALIDATED     GENERATED      BAD RELY LAST_CHAN INDEX_OWNER                     
------------- -------------- --- ---- --------- ------------------------------  
INDEX_NAME                     INVALID VIEW_RELATED                             
------------------------------ ------- --------------                           
VALIDATED     GENERATED NAME          20-JAN-26                                 

OWNER                                                                           
--------------------------------------------------------------------------------
CONSTRAINT_NAME                C TABLE_NAME                                     
------------------------------ - ------------------------------                 
SEARCH_CONDITION                                                                
--------------------------------------------------------------------------------
R_OWNER                                                                         
--------------------------------------------------------------------------------
R_CONSTRAINT_NAME              DELETE_RU STATUS   DEFERRABLE     DEFERRED       
------------------------------ --------- -------- -------------- ---------      
VALIDATED     GENERATED      BAD RELY LAST_CHAN INDEX_OWNER                     
------------- -------------- --- ---- --------- ------------------------------  
INDEX_NAME                     INVALID VIEW_RELATED                             
------------------------------ ------- --------------                           
                                                                                

OWNER                                                                           
--------------------------------------------------------------------------------
CONSTRAINT_NAME                C TABLE_NAME                                     
------------------------------ - ------------------------------                 
SEARCH_CONDITION                                                                
--------------------------------------------------------------------------------
R_OWNER                                                                         
--------------------------------------------------------------------------------
R_CONSTRAINT_NAME              DELETE_RU STATUS   DEFERRABLE     DEFERRED       
------------------------------ --------- -------- -------------- ---------      
VALIDATED     GENERATED      BAD RELY LAST_CHAN INDEX_OWNER                     
------------- -------------- --- ---- --------- ------------------------------  
INDEX_NAME                     INVALID VIEW_RELATED                             
------------------------------ ------- --------------                           
                                                                                

OWNER                                                                           
--------------------------------------------------------------------------------
CONSTRAINT_NAME                C TABLE_NAME                                     
------------------------------ - ------------------------------                 
SEARCH_CONDITION                                                                
--------------------------------------------------------------------------------
R_OWNER                                                                         
--------------------------------------------------------------------------------
R_CONSTRAINT_NAME              DELETE_RU STATUS   DEFERRABLE     DEFERRED       
------------------------------ --------- -------- -------------- ---------      
VALIDATED     GENERATED      BAD RELY LAST_CHAN INDEX_OWNER                     
------------- -------------- --- ---- --------- ------------------------------  
INDEX_NAME                     INVALID VIEW_RELATED                             
------------------------------ ------- --------------                           
CHINMAYA                                                                        

OWNER                                                                           
--------------------------------------------------------------------------------
CONSTRAINT_NAME                C TABLE_NAME                                     
------------------------------ - ------------------------------                 
SEARCH_CONDITION                                                                
--------------------------------------------------------------------------------
R_OWNER                                                                         
--------------------------------------------------------------------------------
R_CONSTRAINT_NAME              DELETE_RU STATUS   DEFERRABLE     DEFERRED       
------------------------------ --------- -------- -------------- ---------      
VALIDATED     GENERATED      BAD RELY LAST_CHAN INDEX_OWNER                     
------------- -------------- --- ---- --------- ------------------------------  
INDEX_NAME                     INVALID VIEW_RELATED                             
------------------------------ ------- --------------                           
SYS_C008024                    C ITEM_M                                         

OWNER                                                                           
--------------------------------------------------------------------------------
CONSTRAINT_NAME                C TABLE_NAME                                     
------------------------------ - ------------------------------                 
SEARCH_CONDITION                                                                
--------------------------------------------------------------------------------
R_OWNER                                                                         
--------------------------------------------------------------------------------
R_CONSTRAINT_NAME              DELETE_RU STATUS   DEFERRABLE     DEFERRED       
------------------------------ --------- -------- -------------- ---------      
VALIDATED     GENERATED      BAD RELY LAST_CHAN INDEX_OWNER                     
------------- -------------- --- ---- --------- ------------------------------  
INDEX_NAME                     INVALID VIEW_RELATED                             
------------------------------ ------- --------------                           
"RATE" IS NOT NULL                                                              

OWNER                                                                           
--------------------------------------------------------------------------------
CONSTRAINT_NAME                C TABLE_NAME                                     
------------------------------ - ------------------------------                 
SEARCH_CONDITION                                                                
--------------------------------------------------------------------------------
R_OWNER                                                                         
--------------------------------------------------------------------------------
R_CONSTRAINT_NAME              DELETE_RU STATUS   DEFERRABLE     DEFERRED       
------------------------------ --------- -------- -------------- ---------      
VALIDATED     GENERATED      BAD RELY LAST_CHAN INDEX_OWNER                     
------------- -------------- --- ---- --------- ------------------------------  
INDEX_NAME                     INVALID VIEW_RELATED                             
------------------------------ ------- --------------                           
                                                                                

OWNER                                                                           
--------------------------------------------------------------------------------
CONSTRAINT_NAME                C TABLE_NAME                                     
------------------------------ - ------------------------------                 
SEARCH_CONDITION                                                                
--------------------------------------------------------------------------------
R_OWNER                                                                         
--------------------------------------------------------------------------------
R_CONSTRAINT_NAME              DELETE_RU STATUS   DEFERRABLE     DEFERRED       
------------------------------ --------- -------- -------------- ---------      
VALIDATED     GENERATED      BAD RELY LAST_CHAN INDEX_OWNER                     
------------- -------------- --- ---- --------- ------------------------------  
INDEX_NAME                     INVALID VIEW_RELATED                             
------------------------------ ------- --------------                           
                                         ENABLED  NOT DEFERRABLE IMMEDIATE      

OWNER                                                                           
--------------------------------------------------------------------------------
CONSTRAINT_NAME                C TABLE_NAME                                     
------------------------------ - ------------------------------                 
SEARCH_CONDITION                                                                
--------------------------------------------------------------------------------
R_OWNER                                                                         
--------------------------------------------------------------------------------
R_CONSTRAINT_NAME              DELETE_RU STATUS   DEFERRABLE     DEFERRED       
------------------------------ --------- -------- -------------- ---------      
VALIDATED     GENERATED      BAD RELY LAST_CHAN INDEX_OWNER                     
------------- -------------- --- ---- --------- ------------------------------  
INDEX_NAME                     INVALID VIEW_RELATED                             
------------------------------ ------- --------------                           
VALIDATED     GENERATED NAME          20-JAN-26                                 

OWNER                                                                           
--------------------------------------------------------------------------------
CONSTRAINT_NAME                C TABLE_NAME                                     
------------------------------ - ------------------------------                 
SEARCH_CONDITION                                                                
--------------------------------------------------------------------------------
R_OWNER                                                                         
--------------------------------------------------------------------------------
R_CONSTRAINT_NAME              DELETE_RU STATUS   DEFERRABLE     DEFERRED       
------------------------------ --------- -------- -------------- ---------      
VALIDATED     GENERATED      BAD RELY LAST_CHAN INDEX_OWNER                     
------------- -------------- --- ---- --------- ------------------------------  
INDEX_NAME                     INVALID VIEW_RELATED                             
------------------------------ ------- --------------                           
                                                                                

OWNER                                                                           
--------------------------------------------------------------------------------
CONSTRAINT_NAME                C TABLE_NAME                                     
------------------------------ - ------------------------------                 
SEARCH_CONDITION                                                                
--------------------------------------------------------------------------------
R_OWNER                                                                         
--------------------------------------------------------------------------------
R_CONSTRAINT_NAME              DELETE_RU STATUS   DEFERRABLE     DEFERRED       
------------------------------ --------- -------- -------------- ---------      
VALIDATED     GENERATED      BAD RELY LAST_CHAN INDEX_OWNER                     
------------- -------------- --- ---- --------- ------------------------------  
INDEX_NAME                     INVALID VIEW_RELATED                             
------------------------------ ------- --------------                           
                                                                                

OWNER                                                                           
--------------------------------------------------------------------------------
CONSTRAINT_NAME                C TABLE_NAME                                     
------------------------------ - ------------------------------                 
SEARCH_CONDITION                                                                
--------------------------------------------------------------------------------
R_OWNER                                                                         
--------------------------------------------------------------------------------
R_CONSTRAINT_NAME              DELETE_RU STATUS   DEFERRABLE     DEFERRED       
------------------------------ --------- -------- -------------- ---------      
VALIDATED     GENERATED      BAD RELY LAST_CHAN INDEX_OWNER                     
------------- -------------- --- ---- --------- ------------------------------  
INDEX_NAME                     INVALID VIEW_RELATED                             
------------------------------ ------- --------------                           
CHINMAYA                                                                        

OWNER                                                                           
--------------------------------------------------------------------------------
CONSTRAINT_NAME                C TABLE_NAME                                     
------------------------------ - ------------------------------                 
SEARCH_CONDITION                                                                
--------------------------------------------------------------------------------
R_OWNER                                                                         
--------------------------------------------------------------------------------
R_CONSTRAINT_NAME              DELETE_RU STATUS   DEFERRABLE     DEFERRED       
------------------------------ --------- -------- -------------- ---------      
VALIDATED     GENERATED      BAD RELY LAST_CHAN INDEX_OWNER                     
------------- -------------- --- ---- --------- ------------------------------  
INDEX_NAME                     INVALID VIEW_RELATED                             
------------------------------ ------- --------------                           
SYS_C008025                    C ITEM_M                                         

OWNER                                                                           
--------------------------------------------------------------------------------
CONSTRAINT_NAME                C TABLE_NAME                                     
------------------------------ - ------------------------------                 
SEARCH_CONDITION                                                                
--------------------------------------------------------------------------------
R_OWNER                                                                         
--------------------------------------------------------------------------------
R_CONSTRAINT_NAME              DELETE_RU STATUS   DEFERRABLE     DEFERRED       
------------------------------ --------- -------- -------------- ---------      
VALIDATED     GENERATED      BAD RELY LAST_CHAN INDEX_OWNER                     
------------- -------------- --- ---- --------- ------------------------------  
INDEX_NAME                     INVALID VIEW_RELATED                             
------------------------------ ------- --------------                           
(Category='A' AND                                                               

OWNER                                                                           
--------------------------------------------------------------------------------
CONSTRAINT_NAME                C TABLE_NAME                                     
------------------------------ - ------------------------------                 
SEARCH_CONDITION                                                                
--------------------------------------------------------------------------------
R_OWNER                                                                         
--------------------------------------------------------------------------------
R_CONSTRAINT_NAME              DELETE_RU STATUS   DEFERRABLE     DEFERRED       
------------------------------ --------- -------- -------------- ---------      
VALIDATED     GENERATED      BAD RELY LAST_CHAN INDEX_OWNER                     
------------- -------------- --- ---- --------- ------------------------------  
INDEX_NAME                     INVALID VIEW_RELATED                             
------------------------------ ------- --------------                           
Rate<=1000) OR (Category='B' AND Rate<=4500)                                    

OWNER                                                                           
--------------------------------------------------------------------------------
CONSTRAINT_NAME                C TABLE_NAME                                     
------------------------------ - ------------------------------                 
SEARCH_CONDITION                                                                
--------------------------------------------------------------------------------
R_OWNER                                                                         
--------------------------------------------------------------------------------
R_CONSTRAINT_NAME              DELETE_RU STATUS   DEFERRABLE     DEFERRED       
------------------------------ --------- -------- -------------- ---------      
VALIDATED     GENERATED      BAD RELY LAST_CHAN INDEX_OWNER                     
------------- -------------- --- ---- --------- ------------------------------  
INDEX_NAME                     INVALID VIEW_RELATED                             
------------------------------ ------- --------------                           
OR (Category='C'                                                                

OWNER                                                                           
--------------------------------------------------------------------------------
CONSTRAINT_NAME                C TABLE_NAME                                     
------------------------------ - ------------------------------                 
SEARCH_CONDITION                                                                
--------------------------------------------------------------------------------
R_OWNER                                                                         
--------------------------------------------------------------------------------
R_CONSTRAINT_NAME              DELETE_RU STATUS   DEFERRABLE     DEFERRED       
------------------------------ --------- -------- -------------- ---------      
VALIDATED     GENERATED      BAD RELY LAST_CHAN INDEX_OWNER                     
------------- -------------- --- ---- --------- ------------------------------  
INDEX_NAME                     INVALID VIEW_RELATED                             
------------------------------ ------- --------------                           
                                                                                

OWNER                                                                           
--------------------------------------------------------------------------------
CONSTRAINT_NAME                C TABLE_NAME                                     
------------------------------ - ------------------------------                 
SEARCH_CONDITION                                                                
--------------------------------------------------------------------------------
R_OWNER                                                                         
--------------------------------------------------------------------------------
R_CONSTRAINT_NAME              DELETE_RU STATUS   DEFERRABLE     DEFERRED       
------------------------------ --------- -------- -------------- ---------      
VALIDATED     GENERATED      BAD RELY LAST_CHAN INDEX_OWNER                     
------------- -------------- --- ---- --------- ------------------------------  
INDEX_NAME                     INVALID VIEW_RELATED                             
------------------------------ ------- --------------                           
                                         ENABLED  NOT DEFERRABLE IMMEDIATE      

OWNER                                                                           
--------------------------------------------------------------------------------
CONSTRAINT_NAME                C TABLE_NAME                                     
------------------------------ - ------------------------------                 
SEARCH_CONDITION                                                                
--------------------------------------------------------------------------------
R_OWNER                                                                         
--------------------------------------------------------------------------------
R_CONSTRAINT_NAME              DELETE_RU STATUS   DEFERRABLE     DEFERRED       
------------------------------ --------- -------- -------------- ---------      
VALIDATED     GENERATED      BAD RELY LAST_CHAN INDEX_OWNER                     
------------- -------------- --- ---- --------- ------------------------------  
INDEX_NAME                     INVALID VIEW_RELATED                             
------------------------------ ------- --------------                           
VALIDATED     GENERATED NAME          20-JAN-26                                 

OWNER                                                                           
--------------------------------------------------------------------------------
CONSTRAINT_NAME                C TABLE_NAME                                     
------------------------------ - ------------------------------                 
SEARCH_CONDITION                                                                
--------------------------------------------------------------------------------
R_OWNER                                                                         
--------------------------------------------------------------------------------
R_CONSTRAINT_NAME              DELETE_RU STATUS   DEFERRABLE     DEFERRED       
------------------------------ --------- -------- -------------- ---------      
VALIDATED     GENERATED      BAD RELY LAST_CHAN INDEX_OWNER                     
------------- -------------- --- ---- --------- ------------------------------  
INDEX_NAME                     INVALID VIEW_RELATED                             
------------------------------ ------- --------------                           
                                                                                

OWNER                                                                           
--------------------------------------------------------------------------------
CONSTRAINT_NAME                C TABLE_NAME                                     
------------------------------ - ------------------------------                 
SEARCH_CONDITION                                                                
--------------------------------------------------------------------------------
R_OWNER                                                                         
--------------------------------------------------------------------------------
R_CONSTRAINT_NAME              DELETE_RU STATUS   DEFERRABLE     DEFERRED       
------------------------------ --------- -------- -------------- ---------      
VALIDATED     GENERATED      BAD RELY LAST_CHAN INDEX_OWNER                     
------------- -------------- --- ---- --------- ------------------------------  
INDEX_NAME                     INVALID VIEW_RELATED                             
------------------------------ ------- --------------                           
                                                                                

OWNER                                                                           
--------------------------------------------------------------------------------
CONSTRAINT_NAME                C TABLE_NAME                                     
------------------------------ - ------------------------------                 
SEARCH_CONDITION                                                                
--------------------------------------------------------------------------------
R_OWNER                                                                         
--------------------------------------------------------------------------------
R_CONSTRAINT_NAME              DELETE_RU STATUS   DEFERRABLE     DEFERRED       
------------------------------ --------- -------- -------------- ---------      
VALIDATED     GENERATED      BAD RELY LAST_CHAN INDEX_OWNER                     
------------- -------------- --- ---- --------- ------------------------------  
INDEX_NAME                     INVALID VIEW_RELATED                             
------------------------------ ------- --------------                           
CHINMAYA                                                                        

OWNER                                                                           
--------------------------------------------------------------------------------
CONSTRAINT_NAME                C TABLE_NAME                                     
------------------------------ - ------------------------------                 
SEARCH_CONDITION                                                                
--------------------------------------------------------------------------------
R_OWNER                                                                         
--------------------------------------------------------------------------------
R_CONSTRAINT_NAME              DELETE_RU STATUS   DEFERRABLE     DEFERRED       
------------------------------ --------- -------- -------------- ---------      
VALIDATED     GENERATED      BAD RELY LAST_CHAN INDEX_OWNER                     
------------- -------------- --- ---- --------- ------------------------------  
INDEX_NAME                     INVALID VIEW_RELATED                             
------------------------------ ------- --------------                           
SYS_C008026                    P ITEM_M                                         

OWNER                                                                           
--------------------------------------------------------------------------------
CONSTRAINT_NAME                C TABLE_NAME                                     
------------------------------ - ------------------------------                 
SEARCH_CONDITION                                                                
--------------------------------------------------------------------------------
R_OWNER                                                                         
--------------------------------------------------------------------------------
R_CONSTRAINT_NAME              DELETE_RU STATUS   DEFERRABLE     DEFERRED       
------------------------------ --------- -------- -------------- ---------      
VALIDATED     GENERATED      BAD RELY LAST_CHAN INDEX_OWNER                     
------------- -------------- --- ---- --------- ------------------------------  
INDEX_NAME                     INVALID VIEW_RELATED                             
------------------------------ ------- --------------                           
                                                                                

OWNER                                                                           
--------------------------------------------------------------------------------
CONSTRAINT_NAME                C TABLE_NAME                                     
------------------------------ - ------------------------------                 
SEARCH_CONDITION                                                                
--------------------------------------------------------------------------------
R_OWNER                                                                         
--------------------------------------------------------------------------------
R_CONSTRAINT_NAME              DELETE_RU STATUS   DEFERRABLE     DEFERRED       
------------------------------ --------- -------- -------------- ---------      
VALIDATED     GENERATED      BAD RELY LAST_CHAN INDEX_OWNER                     
------------- -------------- --- ---- --------- ------------------------------  
INDEX_NAME                     INVALID VIEW_RELATED                             
------------------------------ ------- --------------                           
                                                                                

OWNER                                                                           
--------------------------------------------------------------------------------
CONSTRAINT_NAME                C TABLE_NAME                                     
------------------------------ - ------------------------------                 
SEARCH_CONDITION                                                                
--------------------------------------------------------------------------------
R_OWNER                                                                         
--------------------------------------------------------------------------------
R_CONSTRAINT_NAME              DELETE_RU STATUS   DEFERRABLE     DEFERRED       
------------------------------ --------- -------- -------------- ---------      
VALIDATED     GENERATED      BAD RELY LAST_CHAN INDEX_OWNER                     
------------- -------------- --- ---- --------- ------------------------------  
INDEX_NAME                     INVALID VIEW_RELATED                             
------------------------------ ------- --------------                           
                                         ENABLED  NOT DEFERRABLE IMMEDIATE      

OWNER                                                                           
--------------------------------------------------------------------------------
CONSTRAINT_NAME                C TABLE_NAME                                     
------------------------------ - ------------------------------                 
SEARCH_CONDITION                                                                
--------------------------------------------------------------------------------
R_OWNER                                                                         
--------------------------------------------------------------------------------
R_CONSTRAINT_NAME              DELETE_RU STATUS   DEFERRABLE     DEFERRED       
------------------------------ --------- -------- -------------- ---------      
VALIDATED     GENERATED      BAD RELY LAST_CHAN INDEX_OWNER                     
------------- -------------- --- ---- --------- ------------------------------  
INDEX_NAME                     INVALID VIEW_RELATED                             
------------------------------ ------- --------------                           
VALIDATED     GENERATED NAME          20-JAN-26 CHINMAYA                        

OWNER                                                                           
--------------------------------------------------------------------------------
CONSTRAINT_NAME                C TABLE_NAME                                     
------------------------------ - ------------------------------                 
SEARCH_CONDITION                                                                
--------------------------------------------------------------------------------
R_OWNER                                                                         
--------------------------------------------------------------------------------
R_CONSTRAINT_NAME              DELETE_RU STATUS   DEFERRABLE     DEFERRED       
------------------------------ --------- -------- -------------- ---------      
VALIDATED     GENERATED      BAD RELY LAST_CHAN INDEX_OWNER                     
------------- -------------- --- ---- --------- ------------------------------  
INDEX_NAME                     INVALID VIEW_RELATED                             
------------------------------ ------- --------------                           
SYS_C008026                                                                     

OWNER                                                                           
--------------------------------------------------------------------------------
CONSTRAINT_NAME                C TABLE_NAME                                     
------------------------------ - ------------------------------                 
SEARCH_CONDITION                                                                
--------------------------------------------------------------------------------
R_OWNER                                                                         
--------------------------------------------------------------------------------
R_CONSTRAINT_NAME              DELETE_RU STATUS   DEFERRABLE     DEFERRED       
------------------------------ --------- -------- -------------- ---------      
VALIDATED     GENERATED      BAD RELY LAST_CHAN INDEX_OWNER                     
------------- -------------- --- ---- --------- ------------------------------  
INDEX_NAME                     INVALID VIEW_RELATED                             
------------------------------ ------- --------------                           
                                                                                

OWNER                                                                           
--------------------------------------------------------------------------------
CONSTRAINT_NAME                C TABLE_NAME                                     
------------------------------ - ------------------------------                 
SEARCH_CONDITION                                                                
--------------------------------------------------------------------------------
R_OWNER                                                                         
--------------------------------------------------------------------------------
R_CONSTRAINT_NAME              DELETE_RU STATUS   DEFERRABLE     DEFERRED       
------------------------------ --------- -------- -------------- ---------      
VALIDATED     GENERATED      BAD RELY LAST_CHAN INDEX_OWNER                     
------------- -------------- --- ---- --------- ------------------------------  
INDEX_NAME                     INVALID VIEW_RELATED                             
------------------------------ ------- --------------                           
CHINMAYA                                                                        

OWNER                                                                           
--------------------------------------------------------------------------------
CONSTRAINT_NAME                C TABLE_NAME                                     
------------------------------ - ------------------------------                 
SEARCH_CONDITION                                                                
--------------------------------------------------------------------------------
R_OWNER                                                                         
--------------------------------------------------------------------------------
R_CONSTRAINT_NAME              DELETE_RU STATUS   DEFERRABLE     DEFERRED       
------------------------------ --------- -------- -------------- ---------      
VALIDATED     GENERATED      BAD RELY LAST_CHAN INDEX_OWNER                     
------------- -------------- --- ---- --------- ------------------------------  
INDEX_NAME                     INVALID VIEW_RELATED                             
------------------------------ ------- --------------                           
SYS_C008027                    U ITEM_M                                         

OWNER                                                                           
--------------------------------------------------------------------------------
CONSTRAINT_NAME                C TABLE_NAME                                     
------------------------------ - ------------------------------                 
SEARCH_CONDITION                                                                
--------------------------------------------------------------------------------
R_OWNER                                                                         
--------------------------------------------------------------------------------
R_CONSTRAINT_NAME              DELETE_RU STATUS   DEFERRABLE     DEFERRED       
------------------------------ --------- -------- -------------- ---------      
VALIDATED     GENERATED      BAD RELY LAST_CHAN INDEX_OWNER                     
------------- -------------- --- ---- --------- ------------------------------  
INDEX_NAME                     INVALID VIEW_RELATED                             
------------------------------ ------- --------------                           
                                                                                

OWNER                                                                           
--------------------------------------------------------------------------------
CONSTRAINT_NAME                C TABLE_NAME                                     
------------------------------ - ------------------------------                 
SEARCH_CONDITION                                                                
--------------------------------------------------------------------------------
R_OWNER                                                                         
--------------------------------------------------------------------------------
R_CONSTRAINT_NAME              DELETE_RU STATUS   DEFERRABLE     DEFERRED       
------------------------------ --------- -------- -------------- ---------      
VALIDATED     GENERATED      BAD RELY LAST_CHAN INDEX_OWNER                     
------------- -------------- --- ---- --------- ------------------------------  
INDEX_NAME                     INVALID VIEW_RELATED                             
------------------------------ ------- --------------                           
                                                                                

OWNER                                                                           
--------------------------------------------------------------------------------
CONSTRAINT_NAME                C TABLE_NAME                                     
------------------------------ - ------------------------------                 
SEARCH_CONDITION                                                                
--------------------------------------------------------------------------------
R_OWNER                                                                         
--------------------------------------------------------------------------------
R_CONSTRAINT_NAME              DELETE_RU STATUS   DEFERRABLE     DEFERRED       
------------------------------ --------- -------- -------------- ---------      
VALIDATED     GENERATED      BAD RELY LAST_CHAN INDEX_OWNER                     
------------- -------------- --- ---- --------- ------------------------------  
INDEX_NAME                     INVALID VIEW_RELATED                             
------------------------------ ------- --------------                           
                                         ENABLED  NOT DEFERRABLE IMMEDIATE      

OWNER                                                                           
--------------------------------------------------------------------------------
CONSTRAINT_NAME                C TABLE_NAME                                     
------------------------------ - ------------------------------                 
SEARCH_CONDITION                                                                
--------------------------------------------------------------------------------
R_OWNER                                                                         
--------------------------------------------------------------------------------
R_CONSTRAINT_NAME              DELETE_RU STATUS   DEFERRABLE     DEFERRED       
------------------------------ --------- -------- -------------- ---------      
VALIDATED     GENERATED      BAD RELY LAST_CHAN INDEX_OWNER                     
------------- -------------- --- ---- --------- ------------------------------  
INDEX_NAME                     INVALID VIEW_RELATED                             
------------------------------ ------- --------------                           
VALIDATED     GENERATED NAME          20-JAN-26 CHINMAYA                        

OWNER                                                                           
--------------------------------------------------------------------------------
CONSTRAINT_NAME                C TABLE_NAME                                     
------------------------------ - ------------------------------                 
SEARCH_CONDITION                                                                
--------------------------------------------------------------------------------
R_OWNER                                                                         
--------------------------------------------------------------------------------
R_CONSTRAINT_NAME              DELETE_RU STATUS   DEFERRABLE     DEFERRED       
------------------------------ --------- -------- -------------- ---------      
VALIDATED     GENERATED      BAD RELY LAST_CHAN INDEX_OWNER                     
------------- -------------- --- ---- --------- ------------------------------  
INDEX_NAME                     INVALID VIEW_RELATED                             
------------------------------ ------- --------------                           
SYS_C008027                                                                     

OWNER                                                                           
--------------------------------------------------------------------------------
CONSTRAINT_NAME                C TABLE_NAME                                     
------------------------------ - ------------------------------                 
SEARCH_CONDITION                                                                
--------------------------------------------------------------------------------
R_OWNER                                                                         
--------------------------------------------------------------------------------
R_CONSTRAINT_NAME              DELETE_RU STATUS   DEFERRABLE     DEFERRED       
------------------------------ --------- -------- -------------- ---------      
VALIDATED     GENERATED      BAD RELY LAST_CHAN INDEX_OWNER                     
------------- -------------- --- ---- --------- ------------------------------  
INDEX_NAME                     INVALID VIEW_RELATED                             
------------------------------ ------- --------------                           
                                                                                

SQL> set linesize 200
SQL> set pagesize 100
SQL> SELECT * FROM USER_CONSTRAINTS WHERE TABLE_NAME = 'ITEM_M';

OWNER                                                                                                                    CONSTRAINT_NAME                C TABLE_NAME                                    
------------------------------------------------------------------------------------------------------------------------ ------------------------------ - ------------------------------                
SEARCH_CONDITION                                                                                                                                                                                        
--------------------------------------------------------------------------------                                                                                                                        
R_OWNER                                                                                                                  R_CONSTRAINT_NAME              DELETE_RU STATUS   DEFERRABLE     DEFERRED      
------------------------------------------------------------------------------------------------------------------------ ------------------------------ --------- -------- -------------- ---------     
VALIDATED     GENERATED      BAD RELY LAST_CHAN INDEX_OWNER                    INDEX_NAME                     INVALID VIEW_RELATED                                                                      
------------- -------------- --- ---- --------- ------------------------------ ------------------------------ ------- --------------                                                                    
CHINMAYA                                                                                                                 SYS_C008023                    C ITEM_M                                        
"CATEGORY" IS NOT NULL                                                                                                                                                                                  
                                                                                                                                                                  ENABLED  NOT DEFERRABLE IMMEDIATE     
VALIDATED     GENERATED NAME          20-JAN-26                                                                                                                                                         
                                                                                                                                                                                                        
CHINMAYA                                                                                                                 SYS_C008024                    C ITEM_M                                        
"RATE" IS NOT NULL                                                                                                                                                                                      
                                                                                                                                                                  ENABLED  NOT DEFERRABLE IMMEDIATE     
VALIDATED     GENERATED NAME          20-JAN-26                                                                                                                                                         
                                                                                                                                                                                                        
CHINMAYA                                                                                                                 SYS_C008025                    C ITEM_M                                        
(Category='A' AND                                                                                                                                                                                       
Rate<=1000) OR (Category='B' AND Rate<=4500)                                                                                                                                                            
OR (Category='C'                                                                                                                                                                                        
                                                                                                                                                                  ENABLED  NOT DEFERRABLE IMMEDIATE     
VALIDATED     GENERATED NAME          20-JAN-26                                                                                                                                                         
                                                                                                                                                                                                        
CHINMAYA                                                                                                                 SYS_C008026                    P ITEM_M                                        
                                                                                                                                                                                                        
                                                                                                                                                                  ENABLED  NOT DEFERRABLE IMMEDIATE     
VALIDATED     GENERATED NAME          20-JAN-26 CHINMAYA                       SYS_C008026                                                                                                              
                                                                                                                                                                                                        
CHINMAYA                                                                                                                 SYS_C008027                    U ITEM_M                                        
                                                                                                                                                                                                        
                                                                                                                                                                  ENABLED  NOT DEFERRABLE IMMEDIATE     
VALIDATED     GENERATED NAME          20-JAN-26 CHINMAYA                       SYS_C008027                                                                                                              
                                                                                                                                                                                                        

SQL> set linesize 100
SQL> set pagesize 50
SQL> SELECT * FROM USER_CONSTRAINTS WHERE TABLE_NAME = 'ITEM_M';

OWNER                                                                                               
----------------------------------------------------------------------------------------------------
CONSTRAINT_NAME                C TABLE_NAME                                                         
------------------------------ - ------------------------------                                     
SEARCH_CONDITION                                                                                    
--------------------------------------------------------------------------------                    
R_OWNER                                                                                             
----------------------------------------------------------------------------------------------------
R_CONSTRAINT_NAME              DELETE_RU STATUS   DEFERRABLE     DEFERRED  VALIDATED                
------------------------------ --------- -------- -------------- --------- -------------            
GENERATED      BAD RELY LAST_CHAN INDEX_OWNER                    INDEX_NAME                         
-------------- --- ---- --------- ------------------------------ ------------------------------     
INVALID VIEW_RELATED                                                                                
------- --------------                                                                              
CHINMAYA                                                                                            
SYS_C008023                    C ITEM_M                                                             
"CATEGORY" IS NOT NULL                                                                              
                                                                                                    
                                         ENABLED  NOT DEFERRABLE IMMEDIATE VALIDATED                
GENERATED NAME          20-JAN-26                                                                   
                                                                                                    
                                                                                                    
CHINMAYA                                                                                            
SYS_C008024                    C ITEM_M                                                             
"RATE" IS NOT NULL                                                                                  
                                                                                                    
                                         ENABLED  NOT DEFERRABLE IMMEDIATE VALIDATED                
GENERATED NAME          20-JAN-26                                                                   
                                                                                                    
                                                                                                    
CHINMAYA                                                                                            
SYS_C008025                    C ITEM_M                                                             
(Category='A' AND                                                                                   
Rate<=1000) OR (Category='B' AND Rate<=4500)                                                        
OR (Category='C'                                                                                    
                                                                                                    
                                         ENABLED  NOT DEFERRABLE IMMEDIATE VALIDATED                
GENERATED NAME          20-JAN-26                                                                   
                                                                                                    
                                                                                                    
CHINMAYA                                                                                            
SYS_C008026                    P ITEM_M                                                             
                                                                                                    
                                                                                                    
                                         ENABLED  NOT DEFERRABLE IMMEDIATE VALIDATED                
GENERATED NAME          20-JAN-26 CHINMAYA                       SYS_C008026                        
                                                                                                    
                                                                                                    
CHINMAYA                                                                                            

OWNER                                                                                               
----------------------------------------------------------------------------------------------------
CONSTRAINT_NAME                C TABLE_NAME                                                         
------------------------------ - ------------------------------                                     
SEARCH_CONDITION                                                                                    
--------------------------------------------------------------------------------                    
R_OWNER                                                                                             
----------------------------------------------------------------------------------------------------
R_CONSTRAINT_NAME              DELETE_RU STATUS   DEFERRABLE     DEFERRED  VALIDATED                
------------------------------ --------- -------- -------------- --------- -------------            
GENERATED      BAD RELY LAST_CHAN INDEX_OWNER                    INDEX_NAME                         
-------------- --- ---- --------- ------------------------------ ------------------------------     
INVALID VIEW_RELATED                                                                                
------- --------------                                                                              
SYS_C008027                    U ITEM_M                                                             
                                                                                                    
                                                                                                    
                                         ENABLED  NOT DEFERRABLE IMMEDIATE VALIDATED                
GENERATED NAME          20-JAN-26 CHINMAYA                       SYS_C008027                        
                                                                                                    
                                                                                                    

SQL> set linesize 50
SQL> SELECT * FROM USER_CONSTRAINTS WHERE TABLE_NAME = 'ITEM_M';

OWNER                                             
--------------------------------------------------
CONSTRAINT_NAME                C                  
------------------------------ -                  
TABLE_NAME                                        
------------------------------                    
SEARCH_CONDITION                                  
--------------------------------------------------
R_OWNER                                           
--------------------------------------------------
R_CONSTRAINT_NAME              DELETE_RU STATUS   
------------------------------ --------- -------- 
DEFERRABLE     DEFERRED  VALIDATED                
-------------- --------- -------------            
GENERATED      BAD RELY LAST_CHAN                 
-------------- --- ---- ---------                 
INDEX_OWNER                                       
------------------------------                    
INDEX_NAME                     INVALID            
------------------------------ -------            
VIEW_RELATED                                      
--------------                                    
CHINMAYA                                          
SYS_C008023                    C                  
ITEM_M                                            
"CATEGORY" IS NOT NULL                            
                                                  
                                         ENABLED  
NOT DEFERRABLE IMMEDIATE VALIDATED                
GENERATED NAME          20-JAN-26                 
                                                  
                                                  
                                                  
                                                  
CHINMAYA                                          
SYS_C008024                    C                  
ITEM_M                                            
"RATE" IS NOT NULL                                
                                                  
                                         ENABLED  
NOT DEFERRABLE IMMEDIATE VALIDATED                
GENERATED NAME          20-JAN-26                 
                                                  
                                                  
                                                  
                                                  
CHINMAYA                                          
SYS_C008025                    C                  
ITEM_M                                            

OWNER                                             
--------------------------------------------------
CONSTRAINT_NAME                C                  
------------------------------ -                  
TABLE_NAME                                        
------------------------------                    
SEARCH_CONDITION                                  
--------------------------------------------------
R_OWNER                                           
--------------------------------------------------
R_CONSTRAINT_NAME              DELETE_RU STATUS   
------------------------------ --------- -------- 
DEFERRABLE     DEFERRED  VALIDATED                
-------------- --------- -------------            
GENERATED      BAD RELY LAST_CHAN                 
-------------- --- ---- ---------                 
INDEX_OWNER                                       
------------------------------                    
INDEX_NAME                     INVALID            
------------------------------ -------            
VIEW_RELATED                                      
--------------                                    
(Category='A' AND                                 
Rate<=1000) OR (Category='B' AND Rate<=4500)      
OR (Category='C'                                  
                                                  
                                         ENABLED  
NOT DEFERRABLE IMMEDIATE VALIDATED                
GENERATED NAME          20-JAN-26                 
                                                  
                                                  
                                                  
                                                  
CHINMAYA                                          
SYS_C008026                    P                  
ITEM_M                                            
                                                  
                                                  
                                         ENABLED  
NOT DEFERRABLE IMMEDIATE VALIDATED                
GENERATED NAME          20-JAN-26                 
CHINMAYA                                          
SYS_C008026                                       
                                                  
                                                  
CHINMAYA                                          
SYS_C008027                    U                  
ITEM_M                                            
                                                  

OWNER                                             
--------------------------------------------------
CONSTRAINT_NAME                C                  
------------------------------ -                  
TABLE_NAME                                        
------------------------------                    
SEARCH_CONDITION                                  
--------------------------------------------------
R_OWNER                                           
--------------------------------------------------
R_CONSTRAINT_NAME              DELETE_RU STATUS   
------------------------------ --------- -------- 
DEFERRABLE     DEFERRED  VALIDATED                
-------------- --------- -------------            
GENERATED      BAD RELY LAST_CHAN                 
-------------- --- ---- ---------                 
INDEX_OWNER                                       
------------------------------                    
INDEX_NAME                     INVALID            
------------------------------ -------            
VIEW_RELATED                                      
--------------                                    
                                                  
                                         ENABLED  
NOT DEFERRABLE IMMEDIATE VALIDATED                
GENERATED NAME          20-JAN-26                 
CHINMAYA                                          
SYS_C008027                                       
                                                  
                                                  

SQL> set linesize 200
SQL> SELECT * FROM USER_CONSTRAINTS WHERE TABLE_NAME = 'ITEM_M';

OWNER                                                                                                                    CONSTRAINT_NAME                C TABLE_NAME                                    
------------------------------------------------------------------------------------------------------------------------ ------------------------------ - ------------------------------                
SEARCH_CONDITION                                                                                                                                                                                        
--------------------------------------------------------------------------------                                                                                                                        
R_OWNER                                                                                                                  R_CONSTRAINT_NAME              DELETE_RU STATUS   DEFERRABLE     DEFERRED      
------------------------------------------------------------------------------------------------------------------------ ------------------------------ --------- -------- -------------- ---------     
VALIDATED     GENERATED      BAD RELY LAST_CHAN INDEX_OWNER                    INDEX_NAME                     INVALID VIEW_RELATED                                                                      
------------- -------------- --- ---- --------- ------------------------------ ------------------------------ ------- --------------                                                                    
CHINMAYA                                                                                                                 SYS_C008023                    C ITEM_M                                        
"CATEGORY" IS NOT NULL                                                                                                                                                                                  
                                                                                                                                                                  ENABLED  NOT DEFERRABLE IMMEDIATE     
VALIDATED     GENERATED NAME          20-JAN-26                                                                                                                                                         
                                                                                                                                                                                                        
CHINMAYA                                                                                                                 SYS_C008024                    C ITEM_M                                        
"RATE" IS NOT NULL                                                                                                                                                                                      
                                                                                                                                                                  ENABLED  NOT DEFERRABLE IMMEDIATE     
VALIDATED     GENERATED NAME          20-JAN-26                                                                                                                                                         
                                                                                                                                                                                                        
CHINMAYA                                                                                                                 SYS_C008025                    C ITEM_M                                        
(Category='A' AND                                                                                                                                                                                       
Rate<=1000) OR (Category='B' AND Rate<=4500)                                                                                                                                                            
OR (Category='C'                                                                                                                                                                                        
                                                                                                                                                                  ENABLED  NOT DEFERRABLE IMMEDIATE     
VALIDATED     GENERATED NAME          20-JAN-26                                                                                                                                                         
                                                                                                                                                                                                        
CHINMAYA                                                                                                                 SYS_C008026                    P ITEM_M                                        
                                                                                                                                                                                                        
                                                                                                                                                                  ENABLED  NOT DEFERRABLE IMMEDIATE     
VALIDATED     GENERATED NAME          20-JAN-26 CHINMAYA                       SYS_C008026                                                                                                              
                                                                                                                                                                                                        
CHINMAYA                                                                                                                 SYS_C008027                    U ITEM_M                                        
                                                                                                                                                                                                        
                                                                                                                                                                  ENABLED  NOT DEFERRABLE IMMEDIATE     
VALIDATED     GENERATED NAME          20-JAN-26 CHINMAYA                       SYS_C008027                                                                                                              
                                                                                                                                                                                                        

SQL> set pagesize 200
SQL> SELECT * FROM USER_CONSTRAINTS WHERE TABLE_NAME = 'ITEM_M';

OWNER                                                                                                                    CONSTRAINT_NAME                C TABLE_NAME                                    
------------------------------------------------------------------------------------------------------------------------ ------------------------------ - ------------------------------                
SEARCH_CONDITION                                                                                                                                                                                        
--------------------------------------------------------------------------------                                                                                                                        
R_OWNER                                                                                                                  R_CONSTRAINT_NAME              DELETE_RU STATUS   DEFERRABLE     DEFERRED      
------------------------------------------------------------------------------------------------------------------------ ------------------------------ --------- -------- -------------- ---------     
VALIDATED     GENERATED      BAD RELY LAST_CHAN INDEX_OWNER                    INDEX_NAME                     INVALID VIEW_RELATED                                                                      
------------- -------------- --- ---- --------- ------------------------------ ------------------------------ ------- --------------                                                                    
CHINMAYA                                                                                                                 SYS_C008023                    C ITEM_M                                        
"CATEGORY" IS NOT NULL                                                                                                                                                                                  
                                                                                                                                                                  ENABLED  NOT DEFERRABLE IMMEDIATE     
VALIDATED     GENERATED NAME          20-JAN-26                                                                                                                                                         
                                                                                                                                                                                                        
CHINMAYA                                                                                                                 SYS_C008024                    C ITEM_M                                        
"RATE" IS NOT NULL                                                                                                                                                                                      
                                                                                                                                                                  ENABLED  NOT DEFERRABLE IMMEDIATE     
VALIDATED     GENERATED NAME          20-JAN-26                                                                                                                                                         
                                                                                                                                                                                                        
CHINMAYA                                                                                                                 SYS_C008025                    C ITEM_M                                        
(Category='A' AND                                                                                                                                                                                       
Rate<=1000) OR (Category='B' AND Rate<=4500)                                                                                                                                                            
OR (Category='C'                                                                                                                                                                                        
                                                                                                                                                                  ENABLED  NOT DEFERRABLE IMMEDIATE     
VALIDATED     GENERATED NAME          20-JAN-26                                                                                                                                                         
                                                                                                                                                                                                        
CHINMAYA                                                                                                                 SYS_C008026                    P ITEM_M                                        
                                                                                                                                                                                                        
                                                                                                                                                                  ENABLED  NOT DEFERRABLE IMMEDIATE     
VALIDATED     GENERATED NAME          20-JAN-26 CHINMAYA                       SYS_C008026                                                                                                              
                                                                                                                                                                                                        
CHINMAYA                                                                                                                 SYS_C008027                    U ITEM_M                                        
                                                                                                                                                                                                        
                                                                                                                                                                  ENABLED  NOT DEFERRABLE IMMEDIATE     
VALIDATED     GENERATED NAME          20-JAN-26 CHINMAYA                       SYS_C008027                                                                                                              
                                                                                                                                                                                                        

SQL> set pagesize 30
SQL> SELECT * FROM USER_CONSTRAINTS WHERE TABLE_NAME = 'ITEM_M';

OWNER                                                                                                                    CONSTRAINT_NAME                C TABLE_NAME                                    
------------------------------------------------------------------------------------------------------------------------ ------------------------------ - ------------------------------                
SEARCH_CONDITION                                                                                                                                                                                        
--------------------------------------------------------------------------------                                                                                                                        
R_OWNER                                                                                                                  R_CONSTRAINT_NAME              DELETE_RU STATUS   DEFERRABLE     DEFERRED      
------------------------------------------------------------------------------------------------------------------------ ------------------------------ --------- -------- -------------- ---------     
VALIDATED     GENERATED      BAD RELY LAST_CHAN INDEX_OWNER                    INDEX_NAME                     INVALID VIEW_RELATED                                                                      
------------- -------------- --- ---- --------- ------------------------------ ------------------------------ ------- --------------                                                                    
CHINMAYA                                                                                                                 SYS_C008023                    C ITEM_M                                        
"CATEGORY" IS NOT NULL                                                                                                                                                                                  
                                                                                                                                                                  ENABLED  NOT DEFERRABLE IMMEDIATE     
VALIDATED     GENERATED NAME          20-JAN-26                                                                                                                                                         
                                                                                                                                                                                                        
CHINMAYA                                                                                                                 SYS_C008024                    C ITEM_M                                        
"RATE" IS NOT NULL                                                                                                                                                                                      
                                                                                                                                                                  ENABLED  NOT DEFERRABLE IMMEDIATE     
VALIDATED     GENERATED NAME          20-JAN-26                                                                                                                                                         
                                                                                                                                                                                                        
CHINMAYA                                                                                                                 SYS_C008025                    C ITEM_M                                        
(Category='A' AND                                                                                                                                                                                       
Rate<=1000) OR (Category='B' AND Rate<=4500)                                                                                                                                                            
OR (Category='C'                                                                                                                                                                                        
                                                                                                                                                                  ENABLED  NOT DEFERRABLE IMMEDIATE     
VALIDATED     GENERATED NAME          20-JAN-26                                                                                                                                                         
                                                                                                                                                                                                        
CHINMAYA                                                                                                                 SYS_C008026                    P ITEM_M                                        
                                                                                                                                                                                                        
                                                                                                                                                                  ENABLED  NOT DEFERRABLE IMMEDIATE     
VALIDATED     GENERATED NAME          20-JAN-26 CHINMAYA                       SYS_C008026                                                                                                              

OWNER                                                                                                                    CONSTRAINT_NAME                C TABLE_NAME                                    
------------------------------------------------------------------------------------------------------------------------ ------------------------------ - ------------------------------                
SEARCH_CONDITION                                                                                                                                                                                        
--------------------------------------------------------------------------------                                                                                                                        
R_OWNER                                                                                                                  R_CONSTRAINT_NAME              DELETE_RU STATUS   DEFERRABLE     DEFERRED      
------------------------------------------------------------------------------------------------------------------------ ------------------------------ --------- -------- -------------- ---------     
VALIDATED     GENERATED      BAD RELY LAST_CHAN INDEX_OWNER                    INDEX_NAME                     INVALID VIEW_RELATED                                                                      
------------- -------------- --- ---- --------- ------------------------------ ------------------------------ ------- --------------                                                                    
                                                                                                                                                                                                        
CHINMAYA                                                                                                                 SYS_C008027                    U ITEM_M                                        
                                                                                                                                                                                                        
                                                                                                                                                                  ENABLED  NOT DEFERRABLE IMMEDIATE     
VALIDATED     GENERATED NAME          20-JAN-26 CHINMAYA                       SYS_C008027                                                                                                              
                                                                                                                                                                                                        

SQL> SET LINESIZE 200
SQL> SET PAGESIZE 50
SQL> 
SQL> SELECT * FROM USER_CONSTRAINTS WHERE TABLE_NAME = 'ITEM_M';

OWNER                                                                                                                    CONSTRAINT_NAME                C TABLE_NAME                                    
------------------------------------------------------------------------------------------------------------------------ ------------------------------ - ------------------------------                
SEARCH_CONDITION                                                                                                                                                                                        
--------------------------------------------------------------------------------                                                                                                                        
R_OWNER                                                                                                                  R_CONSTRAINT_NAME              DELETE_RU STATUS   DEFERRABLE     DEFERRED      
------------------------------------------------------------------------------------------------------------------------ ------------------------------ --------- -------- -------------- ---------     
VALIDATED     GENERATED      BAD RELY LAST_CHAN INDEX_OWNER                    INDEX_NAME                     INVALID VIEW_RELATED                                                                      
------------- -------------- --- ---- --------- ------------------------------ ------------------------------ ------- --------------                                                                    
CHINMAYA                                                                                                                 SYS_C008023                    C ITEM_M                                        
"CATEGORY" IS NOT NULL                                                                                                                                                                                  
                                                                                                                                                                  ENABLED  NOT DEFERRABLE IMMEDIATE     
VALIDATED     GENERATED NAME          20-JAN-26                                                                                                                                                         
                                                                                                                                                                                                        
CHINMAYA                                                                                                                 SYS_C008024                    C ITEM_M                                        
"RATE" IS NOT NULL                                                                                                                                                                                      
                                                                                                                                                                  ENABLED  NOT DEFERRABLE IMMEDIATE     
VALIDATED     GENERATED NAME          20-JAN-26                                                                                                                                                         
                                                                                                                                                                                                        
CHINMAYA                                                                                                                 SYS_C008025                    C ITEM_M                                        
(Category='A' AND                                                                                                                                                                                       
Rate<=1000) OR (Category='B' AND Rate<=4500)                                                                                                                                                            
OR (Category='C'                                                                                                                                                                                        
                                                                                                                                                                  ENABLED  NOT DEFERRABLE IMMEDIATE     
VALIDATED     GENERATED NAME          20-JAN-26                                                                                                                                                         
                                                                                                                                                                                                        
CHINMAYA                                                                                                                 SYS_C008026                    P ITEM_M                                        
                                                                                                                                                                                                        
                                                                                                                                                                  ENABLED  NOT DEFERRABLE IMMEDIATE     
VALIDATED     GENERATED NAME          20-JAN-26 CHINMAYA                       SYS_C008026                                                                                                              
                                                                                                                                                                                                        
CHINMAYA                                                                                                                 SYS_C008027                    U ITEM_M                                        
                                                                                                                                                                                                        
                                                                                                                                                                  ENABLED  NOT DEFERRABLE IMMEDIATE     
VALIDATED     GENERATED NAME          20-JAN-26 CHINMAYA                       SYS_C008027                                                                                                              
                                                                                                                                                                                                        

SQL> CREATE TABLE EMP (EMPNO   NUMBER(4) PRIMARY KEY,ENAME   VARCHAR2(10),JOB     VARCHAR2(10),MGR     NUMBER(4),HIREDATE DATE,SAL     NUMBER(7,2),COMM    NUMBER(7,2),DEPTNO  NUMBER(2));

Table created.

SQL> INSERT INTO EMP VALUES
  2  (7369,'SMITH','CLERK',7902,'1980-12-17',800,NULL,20),
  3  (7499,'ALLEN','SALESMAN',7698,'1981-02-20',1600,300,30);
(7369,'SMITH','CLERK',7902,'1980-12-17',800,NULL,20),
                                                    *
ERROR at line 2:
ORA-00933: SQL command not properly ended 


SQL> INSERT INTO EMP VALUES
  2  (7369,'SMITH','CLERK',7902,'1980-12-17',800,NULL,20),
  3  (7499,'ALLEN','SALESMAN',7698,'1981-02-20',1600,300,30);
(7369,'SMITH','CLERK',7902,'1980-12-17',800,NULL,20),
                                                    *
ERROR at line 2:
ORA-00933: SQL command not properly ended 


SQL> INSERT INTO EMP VALUES (7369,'SMITH','CLERK',7902,DATE '1980-12-17',800,NULL,20);

1 row created.

SQL> INSERT INTO EMP VALUES (7499,'ALLEN','SALESMAN',7698,DATE '1981-02-20',1600,300,30);

1 row created.

SQL> INSERT INTO EMP VALUES (7521,'WARD','SALESMAN',7698,DATE '1981-02-22',1250,500,30);

1 row created.

SQL> INSERT INTO EMP VALUES (7566,'JONES','MANAGER',7839,DATE '1981-04-02',2975,NULL,20);

1 row created.

SQL> INSERT INTO EMP VALUES (7654,'MARTIN','SALESMAN',7698,DATE '1981-09-28',1250,1400,30);

1 row created.

SQL> INSERT INTO EMP VALUES (7698,'BLAKE','MANAGER',7839,DATE '1981-05-01',2850,NULL,30);

1 row created.

SQL> INSERT INTO EMP VALUES (7782,'CLARK','MANAGER',7839,DATE '1981-06-09',2450,NULL,10);

1 row created.

SQL> INSERT INTO EMP VALUES (7788,'SCOTT','ANALYST',7566,DATE '1981-11-09',3000,NULL,20);

1 row created.

SQL> INSERT INTO EMP VALUES (7839,'KING','PRESIDENT',NULL,DATE '1981-11-17',5000,NULL,10);

1 row created.

SQL> INSERT INTO EMP VALUES (7844,'TURNER','SALESMAN',7698,DATE '1981-09-08',1500,0,30);

1 row created.

SQL> INSERT INTO EMP VALUES (7876,'ADAMS','CLERK',7788,DATE '1981-09-23',1100,NULL,20);

1 row created.

SQL> INSERT INTO EMP VALUES (7900,'JAMES','CLERK',7698,DATE '1981-12-03',950,NULL,30);

1 row created.

SQL> INSERT INTO EMP VALUES (7902,'FORD','ANALYST',7566,DATE '1981-12-03',3000,NULL,20);

1 row created.

SQL> INSERT INTO EMP VALUES (7934,'MILLER','CLERK',7782,DATE '1982-01-23',1300,NULL,10);

1 row created.

SQL> SELECT COUNT(deptno) FROM EMP;

COUNT(DEPTNO)                                                                                                                                                                                           
-------------                                                                                                                                                                                           
           14                                                                                                                                                                                           

SQL> SELECT COUNT(DISTINCT deptno) FROM EMP;

COUNT(DISTINCTDEPTNO)                                                                                                                                                                                   
---------------------                                                                                                                                                                                   
                    3                                                                                                                                                                                   

SQL> SELECT COUNT(*) FROM EMP;

  COUNT(*)                                                                                                                                                                                              
----------                                                                                                                                                                                              
        14                                                                                                                                                                                              

SQL> SELECT SUM(SAL) FROM EMP;

  SUM(SAL)                                                                                                                                                                                              
----------                                                                                                                                                                                              
     29025                                                                                                                                                                                              

SQL> SELECT AVG(SAL) FROM EMP;

  AVG(SAL)                                                                                                                                                                                              
----------                                                                                                                                                                                              
2073.21429                                                                                                                                                                                              

SQL> SELECT MAX(SAL) FROM EMP;

  MAX(SAL)                                                                                                                                                                                              
----------                                                                                                                                                                                              
      5000                                                                                                                                                                                              

SQL> SELECT MIN(SAL) FROM EMP;

  MIN(SAL)                                                                                                                                                                                              
----------                                                                                                                                                                                              
       800                                                                                                                                                                                              

SQL> SELECT SYSDATE FROM DUAL;

SYSDATE                                                                                                                                                                                                 
---------                                                                                                                                                                                               
20-JAN-26                                                                                                                                                                                               

SQL> SELECT ADD_MONTHS(HIREDATE, 4) FROM EMP
  2  WHERE EMP_NO=7369;
WHERE EMP_NO=7369
      *
ERROR at line 2:
ORA-00904: "EMP_NO": invalid identifier 


SQL> SELECT LAST_DAY(SYSDATE) FROM DUAL;

LAST_DAY(                                                                                                                                                                                               
---------                                                                                                                                                                                               
31-JAN-26                                                                                                                                                                                               

SQL> SELECT
  2  MONTHS_BETWEEN(SYSDATE,'23-JAN-89')
  3  FROM DUAL;

MONTHS_BETWEEN(SYSDATE,'23-JAN-89')                                                                                                                                                                     
-----------------------------------                                                                                                                                                                     
                         443.917345                                                                                                                                                                     

SQL> SELECT NEXT_DAY(SYSDATE, 'MONDAY') FROM
  2  DUAL;

NEXT_DAY(                                                                                                                                                                                               
---------                                                                                                                                                                                               
26-JAN-26                                                                                                                                                                                               

SQL> SELECT EXTRACT(MONTH FROM SYSDATE) FROM
  2  DUAL;

EXTRACT(MONTHFROMSYSDATE)                                                                                                                                                                               
-------------------------                                                                                                                                                                               
                        1                                                                                                                                                                               

SQL> SELECT ABS(5), ABS(-100) FROM DUAL;

    ABS(5)  ABS(-100)                                                                                                                                                                                   
---------- ----------                                                                                                                                                                                   
         5        100                                                                                                                                                                                   

SQL> SELECT CEIL(-5.2), CEIL(5.7) FROM DUAL;

CEIL(-5.2)  CEIL(5.7)                                                                                                                                                                                   
---------- ----------                                                                                                                                                                                   
        -5          6                                                                                                                                                                                   

SQL> SELECT FLOOR(-5.2), FLOOR(5.7) FROM DUAL;

FLOOR(-5.2) FLOOR(5.7)                                                                                                                                                                                  
----------- ----------                                                                                                                                                                                  
         -6          5                                                                                                                                                                                  

SQL> SELECT EXP(5) FROM DUAL;

    EXP(5)                                                                                                                                                                                              
----------                                                                                                                                                                                              
148.413159                                                                                                                                                                                              

SQL> SELECT LN(2) FROM DUAL;

     LN(2)                                                                                                                                                                                              
----------                                                                                                                                                                                              
.693147181                                                                                                                                                                                              

SQL> SELECT LOG(4,10) FROM DUAL;

 LOG(4,10)                                                                                                                                                                                              
----------                                                                                                                                                                                              
1.66096405                                                                                                                                                                                              

SQL> SELECT MOD(15,4) FROM DUAL;

 MOD(15,4)                                                                                                                                                                                              
----------                                                                                                                                                                                              
         3                                                                                                                                                                                              

SQL> SELECT POWER(4,3) FROM DUAL;

POWER(4,3)                                                                                                                                                                                              
----------                                                                                                                                                                                              
        64                                                                                                                                                                                              

SQL> SELECT SQRT(25) FROM DUAL;

  SQRT(25)                                                                                                                                                                                              
----------                                                                                                                                                                                              
         5                                                                                                                                                                                              

SQL> SELECT ROUND(15.19,1), ROUND(15.19) FROM
  2  DUAL;

ROUND(15.19,1) ROUND(15.19)                                                                                                                                                                             
-------------- ------------                                                                                                                                                                             
          15.2           15                                                                                                                                                                             

SQL> SELECT TRUNC(15.19,1) FROM DUAL;

TRUNC(15.19,1)                                                                                                                                                                                          
--------------                                                                                                                                                                                          
          15.1                                                                                                                                                                                          

SQL> SELECT SIGN(-8.5) FROM DUAL;

SIGN(-8.5)                                                                                                                                                                                              
----------                                                                                                                                                                                              
        -1                                                                                                                                                                                              

SQL> SELECT SIN(60), SIN(1.047167) FROM DUAL;

   SIN(60) SIN(1.047167)                                                                                                                                                                                
---------- -------------                                                                                                                                                                                
-.30481062    .866010128                                                                                                                                                                                

SQL> COMMIT;

Commit complete.

SQL> SPOOL OFF;
